---
source: apps/desktop/src-tauri/src/tray_tests.rs
expression: format_proxy_env("unknown", 7890)
---
export http_proxy=http://127.0.0.1:7890 https_proxy=http://127.0.0.1:7890 all_proxy=http://127.0.0.1:7890 HTTP_PROXY=http://127.0.0.1:7890 HTTPS_PROXY=http://127.0.0.1:7890 ALL_PROXY=http://127.0.0.1:7890
